Archive member included to satisfy reference by file (symbol)

/usr/bin/../lib/gcc/arm-none-eabi/5.3.1/../../../../arm-none-eabi/lib/armv6-m/libc_nano.a(lib_a-exit.o)
                              /usr/bin/../lib/gcc/arm-none-eabi/5.3.1/../../../../arm-none-eabi/lib/armv6-m/crt0.o (exit)
/usr/bin/../lib/gcc/arm-none-eabi/5.3.1/../../../../arm-none-eabi/lib/armv6-m/libc_nano.a(lib_a-impure.o)
                              /usr/bin/../lib/gcc/arm-none-eabi/5.3.1/../../../../arm-none-eabi/lib/armv6-m/libc_nano.a(lib_a-exit.o) (_global_impure_ptr)
/usr/bin/../lib/gcc/arm-none-eabi/5.3.1/../../../../arm-none-eabi/lib/armv6-m/libc_nano.a(lib_a-init.o)
                              /usr/bin/../lib/gcc/arm-none-eabi/5.3.1/../../../../arm-none-eabi/lib/armv6-m/crt0.o (__libc_init_array)
/usr/bin/../lib/gcc/arm-none-eabi/5.3.1/../../../../arm-none-eabi/lib/armv6-m/libc_nano.a(lib_a-memset.o)
                              /usr/bin/../lib/gcc/arm-none-eabi/5.3.1/../../../../arm-none-eabi/lib/armv6-m/crt0.o (memset)
/usr/bin/../lib/gcc/arm-none-eabi/5.3.1/../../../../arm-none-eabi/lib/armv6-m/libnosys.a(_exit.o)
                              /usr/bin/../lib/gcc/arm-none-eabi/5.3.1/../../../../arm-none-eabi/lib/armv6-m/libc_nano.a(lib_a-exit.o) (_exit)
/usr/bin/../lib/gcc/arm-none-eabi/5.3.1/armv6-m/libgcc.a(_udivsi3.o)
                              _build/pstorage.o (__aeabi_uidiv)
/usr/bin/../lib/gcc/arm-none-eabi/5.3.1/armv6-m/libgcc.a(_divsi3.o)
                              _build/pstorage.o (__aeabi_idiv)
/usr/bin/../lib/gcc/arm-none-eabi/5.3.1/armv6-m/libgcc.a(_dvmd_tls.o)
                              /usr/bin/../lib/gcc/arm-none-eabi/5.3.1/armv6-m/libgcc.a(_udivsi3.o) (__aeabi_idiv0)
/usr/bin/../lib/gcc/arm-none-eabi/5.3.1/../../../../arm-none-eabi/lib/armv6-m/libc_nano.a(lib_a-memcmp.o)
                              _build/device_manager_peripheral.o (memcmp)
/usr/bin/../lib/gcc/arm-none-eabi/5.3.1/../../../../arm-none-eabi/lib/armv6-m/libc_nano.a(lib_a-memcpy-stub.o)
                              _build/app_scheduler.o (memcpy)
/usr/bin/../lib/gcc/arm-none-eabi/5.3.1/../../../../arm-none-eabi/lib/armv6-m/libc_nano.a(lib_a-printf.o)
                              _build/bsp.o (printf)
/usr/bin/../lib/gcc/arm-none-eabi/5.3.1/../../../../arm-none-eabi/lib/armv6-m/libc_nano.a(lib_a-strlen.o)
                              _build/main.o (strlen)
/usr/bin/../lib/gcc/arm-none-eabi/5.3.1/../../../../arm-none-eabi/lib/armv6-m/libc_nano.a(lib_a-findfp.o)
                              /usr/bin/../lib/gcc/arm-none-eabi/5.3.1/../../../../arm-none-eabi/lib/armv6-m/libc_nano.a(lib_a-printf.o) (__sinit)
/usr/bin/../lib/gcc/arm-none-eabi/5.3.1/../../../../arm-none-eabi/lib/armv6-m/libc_nano.a(lib_a-fwalk.o)
                              /usr/bin/../lib/gcc/arm-none-eabi/5.3.1/../../../../arm-none-eabi/lib/armv6-m/libc_nano.a(lib_a-findfp.o) (_fwalk)
/usr/bin/../lib/gcc/arm-none-eabi/5.3.1/../../../../arm-none-eabi/lib/armv6-m/libc_nano.a(lib_a-nano-mallocr.o)
                              /usr/bin/../lib/gcc/arm-none-eabi/5.3.1/../../../../arm-none-eabi/lib/armv6-m/libc_nano.a(lib_a-findfp.o) (_malloc_r)
/usr/bin/../lib/gcc/arm-none-eabi/5.3.1/../../../../arm-none-eabi/lib/armv6-m/libc_nano.a(lib_a-nano-vfprintf.o)
                              /usr/bin/../lib/gcc/arm-none-eabi/5.3.1/../../../../arm-none-eabi/lib/armv6-m/libc_nano.a(lib_a-printf.o) (_vfprintf_r)
/usr/bin/../lib/gcc/arm-none-eabi/5.3.1/../../../../arm-none-eabi/lib/armv6-m/libc_nano.a(lib_a-nano-vfprintf_i.o)
                              /usr/bin/../lib/gcc/arm-none-eabi/5.3.1/../../../../arm-none-eabi/lib/armv6-m/libc_nano.a(lib_a-nano-vfprintf.o) (_printf_i)
/usr/bin/../lib/gcc/arm-none-eabi/5.3.1/../../../../arm-none-eabi/lib/armv6-m/libc_nano.a(lib_a-sbrkr.o)
                              /usr/bin/../lib/gcc/arm-none-eabi/5.3.1/../../../../arm-none-eabi/lib/armv6-m/libc_nano.a(lib_a-nano-mallocr.o) (_sbrk_r)
/usr/bin/../lib/gcc/arm-none-eabi/5.3.1/../../../../arm-none-eabi/lib/armv6-m/libc_nano.a(lib_a-stdio.o)
                              /usr/bin/../lib/gcc/arm-none-eabi/5.3.1/../../../../arm-none-eabi/lib/armv6-m/libc_nano.a(lib_a-findfp.o) (__sread)
/usr/bin/../lib/gcc/arm-none-eabi/5.3.1/../../../../arm-none-eabi/lib/armv6-m/libc_nano.a(lib_a-wbuf.o)
                              /usr/bin/../lib/gcc/arm-none-eabi/5.3.1/../../../../arm-none-eabi/lib/armv6-m/libc_nano.a(lib_a-nano-vfprintf.o) (__swbuf_r)
/usr/bin/../lib/gcc/arm-none-eabi/5.3.1/../../../../arm-none-eabi/lib/armv6-m/libc_nano.a(lib_a-writer.o)
                              /usr/bin/../lib/gcc/arm-none-eabi/5.3.1/../../../../arm-none-eabi/lib/armv6-m/libc_nano.a(lib_a-stdio.o) (_write_r)
/usr/bin/../lib/gcc/arm-none-eabi/5.3.1/../../../../arm-none-eabi/lib/armv6-m/libc_nano.a(lib_a-wsetup.o)
                              /usr/bin/../lib/gcc/arm-none-eabi/5.3.1/../../../../arm-none-eabi/lib/armv6-m/libc_nano.a(lib_a-nano-vfprintf.o) (__swsetup_r)
[...]
Memory Configuration

Name             Origin             Length             Attributes
FLASH            0x0000000000018000 0x0000000000028000 xr
RAM              0x0000000020002000 0x0000000000006000 xrw
*default*        0x0000000000000000 0xffffffffffffffff

Linker script and memory map

LOAD /usr/bin/../lib/gcc/arm-none-eabi/5.3.1/armv6-m/crti.o
LOAD /usr/bin/../lib/gcc/arm-none-eabi/5.3.1/armv6-m/crtbegin.o
LOAD /usr/bin/../lib/gcc/arm-none-eabi/5.3.1/../../../../arm-none-eabi/lib/armv6-m/crt0.o
LOAD /usr/bin/../lib/gcc/arm-none-eabi/5.3.1/../../../../arm-none-eabi/lib/armv6-m/libc_nano.a
LOAD /usr/bin/../lib/gcc/arm-none-eabi/5.3.1/../../../../arm-none-eabi/lib/armv6-m/libnosys.a
LOAD _build/app_button.o
LOAD _build/app_error.o
LOAD _build/app_fifo.o
LOAD _build/app_scheduler.o
LOAD _build/app_timer.o
LOAD _build/app_timer_appsh.o
LOAD _build/app_trace.o
LOAD _build/nrf_assert.o
LOAD _build/retarget.o
LOAD _build/app_uart_fifo.o
LOAD _build/nrf_delay.o
LOAD _build/nrf_drv_common.o
LOAD _build/nrf_drv_gpiote.o
LOAD _build/nrf_drv_uart.o
LOAD _build/pstorage.o
LOAD _build/bsp.o
LOAD _build/bsp_btn_ble.o
LOAD _build/main.o
LOAD _build/ble_advdata.o
LOAD _build/ble_advertising.o
LOAD _build/ble_conn_params.o
LOAD _build/ble_cts_c.o
LOAD _build/ble_db_discovery.o
LOAD _build/ble_srv_common.o
LOAD _build/device_manager_peripheral.o
LOAD _build/system_nrf51.o
LOAD _build/softdevice_handler.o
LOAD _build/gcc_startup_nrf51.o
START GROUP
LOAD /usr/bin/../lib/gcc/arm-none-eabi/5.3.1/armv6-m/libgcc.a
LOAD /usr/bin/../lib/gcc/arm-none-eabi/5.3.1/../../../../arm-none-eabi/lib/armv6-m/libc_nano.a
END GROUP
START GROUP
LOAD /usr/bin/../lib/gcc/arm-none-eabi/5.3.1/armv6-m/libgcc.a
LOAD /usr/bin/../lib/gcc/arm-none-eabi/5.3.1/../../../../arm-none-eabi/lib/armv6-m/libc_nano.a
END GROUP
LOAD /usr/bin/../lib/gcc/arm-none-eabi/5.3.1/armv6-m/crtend.o
LOAD /usr/bin/../lib/gcc/arm-none-eabi/5.3.1/armv6-m/crtn.o
START GROUP
LOAD /usr/bin/../lib/gcc/arm-none-eabi/5.3.1/armv6-m/libgcc.a
LOAD /usr/bin/../lib/gcc/arm-none-eabi/5.3.1/../../../../arm-none-eabi/lib/armv6-m/libc.a
LOAD /usr/bin/../lib/gcc/arm-none-eabi/5.3.1/../../../../arm-none-eabi/lib/armv6-m/libnosys.a
END GROUP

.fs_data_out    0x0000000000000000        0x0
                [!provide]                        PROVIDE (__start_fs_data, .)
 *(fs_data)
                [!provide]                        PROVIDE (__stop_fs_data, .)

.text           0x0000000000018000     0x8e9c
 *(.Vectors)
 .Vectors       0x0000000000018000       0xc0 _build/gcc_startup_nrf51.o
                0x0000000000018000                __Vectors
 *(.text*)
 .text          0x00000000000180c0       0x60 /usr/bin/../lib/gcc/arm-none-eabi/5.3.1/armv6-m/crtbegin.o
 .text          0x0000000000018120       0x78 /usr/bin/../lib/gcc/arm-none-eabi/5.3.1/../../../../arm-none-eabi/lib/armv6-m/crt0.o
                0x0000000000018120                _mainCRTStartup
                0x0000000000018120                _start
 .text.exit     0x0000000000018198       0x2c /usr/bin/../lib/gcc/arm-none-eabi/5.3.1/../../../../arm-none-eabi/lib/armv6-m/libc_nano.a(lib_a-exit.o)
                0x0000000000018198                exit
 .text.__libc_init_array
                0x00000000000181c4       0x4c /usr/bin/../lib/gcc/arm-none-eabi/5.3.1/../../../../arm-none-eabi/lib/armv6-m/libc_nano.a(lib_a-init.o)
                0x00000000000181c4                __libc_init_array
 .text.memset   0x0000000000018210       0x10 /usr/bin/../lib/gcc/arm-none-eabi/5.3.1/../../../../arm-none-eabi/lib/armv6-m/libc_nano.a(lib_a-memset.o)
                0x0000000000018210                memset
 .text._exit    0x0000000000018220        0x4 /usr/bin/../lib/gcc/arm-none-eabi/5.3.1/../../../../arm-none-eabi/lib/armv6-m/libnosys.a(_exit.o)
                0x0000000000018220                _exit
 .text.detection_delay_timeout_handler
                0x0000000000018224       0xa0 _build/app_button.o
 .text.gpiote_event_handler
                0x00000000000182c4       0x5c _build/app_button.o
 .text.app_button_init
                0x0000000000018320       0xb4 _build/app_button.o
                0x0000000000018320                app_button_init
 .text.app_button_enable
                0x00000000000183d4       0x30 _build/app_button.o
                0x00000000000183d4                app_button_enable
 .text.app_error_handler
                0x0000000000018404       0x18 _build/app_error.o
                0x0000000000018404                app_error_handler
 .text.app_fifo_init
                0x000000000001841c       0x28 _build/app_fifo.o
                0x000000000001841c                app_fifo_init
 .text.app_fifo_put
                0x0000000000018444       0x28 _build/app_fifo.o
                0x0000000000018444                app_fifo_put
 .text.app_fifo_get
                0x000000000001846c       0x28 _build/app_fifo.o
                0x000000000001846c                app_fifo_get
 .text.sd_nvic_critical_region_enter
                0x0000000000018494        0x4 _build/app_scheduler.o
 .text.sd_nvic_critical_region_exit
                0x0000000000018498        0x4 _build/app_scheduler.o
 .text.app_sched_init
                0x000000000001849c       0x4c _build/app_scheduler.o
                0x000000000001849c                app_sched_init
 .text.app_sched_event_put
                0x00000000000184e8      0x178 _build/app_scheduler.o
                0x00000000000184e8                app_sched_event_put
 .text.app_sched_execute
                0x0000000000018660       0x7c _build/app_scheduler.o
                0x0000000000018660                app_sched_execute
 .text.rtc1_stop
                0x00000000000186dc       0x78 _build/app_timer.o
 .text.RTC1_IRQHandler
                0x0000000000018754       0xe0 _build/app_timer.o
                0x0000000000018754                RTC1_IRQHandler
 .text.SWI0_IRQHandler
                0x0000000000018834      0x4cc _build/app_timer.o
                0x0000000000018834                SWI0_IRQHandler
 .text.app_timer_init
                0x0000000000018d00       0xe4 _build/app_timer.o
                0x0000000000018d00                app_timer_init
 .text.app_timer_create
                0x0000000000018de4       0x34 _build/app_timer.o
                0x0000000000018de4                app_timer_create
 .text.app_timer_start
                0x0000000000018e18       0xec _build/app_timer.o
                0x0000000000018e18                app_timer_start
 .text.app_timer_stop
                0x0000000000018f04       0xc4 _build/app_timer.o
                0x0000000000018f04                app_timer_stop
 .text.app_timer_evt_get
                0x0000000000018fc8       0x1c _build/app_timer_appsh.o
 .text.app_timer_evt_schedule
                0x0000000000018fe4       0x1c _build/app_timer_appsh.o
                0x0000000000018fe4                app_timer_evt_schedule
 .text._write   0x0000000000019000       0x1c _build/retarget.o
                0x0000000000019000                _write
 .text._read    0x000000000001901c       0x14 _build/retarget.o
                0x000000000001901c                _read
 .text.uart_event_handler
                0x0000000000019030       0xc0 _build/app_uart_fifo.o
 .text.app_uart_init
                0x00000000000190f0       0xa4 _build/app_uart_fifo.o
                0x00000000000190f0                app_uart_init
 .text.app_uart_get
                0x0000000000019194       0x34 _build/app_uart_fifo.o
                0x0000000000019194                app_uart_get
 .text.app_uart_put
                0x00000000000191c8       0x28 _build/app_uart_fifo.o
                0x00000000000191c8                app_uart_put
 .text.nrf_drv_common_irq_enable
                0x00000000000191f0       0x7c _build/nrf_drv_common.o
                0x00000000000191f0                nrf_drv_common_irq_enable
 .text.nrf_drv_gpiote_init
                0x000000000001926c       0x68 _build/nrf_drv_gpiote.o
                0x000000000001926c                nrf_drv_gpiote_init
 .text.nrf_drv_gpiote_is_init
                0x00000000000192d4       0x14 _build/nrf_drv_gpiote.o
                0x00000000000192d4                nrf_drv_gpiote_is_init
 .text.nrf_drv_gpiote_in_init
                0x00000000000192e8      0x15c _build/nrf_drv_gpiote.o
                0x00000000000192e8                nrf_drv_gpiote_in_init
 .text.nrf_drv_gpiote_in_event_enable
                0x0000000000019444       0xa8 _build/nrf_drv_gpiote.o
                0x0000000000019444                nrf_drv_gpiote_in_event_enable
 .text.nrf_drv_gpiote_in_is_set
                0x00000000000194ec       0x14 _build/nrf_drv_gpiote.o
                0x00000000000194ec                nrf_drv_gpiote_in_is_set
 .text.GPIOTE_IRQHandler
                0x0000000000019500      0x3a8 _build/nrf_drv_gpiote.o
                0x0000000000019500                GPIOTE_IRQHandler
 .text.nrf_drv_uart_init
                0x00000000000198a8      0x110 _build/nrf_drv_uart.o
                0x00000000000198a8                nrf_drv_uart_init
 .text.nrf_drv_uart_tx
                0x00000000000199b8       0xb4 _build/nrf_drv_uart.o
                0x00000000000199b8                nrf_drv_uart_tx
 .text.nrf_drv_uart_rx
                0x0000000000019a6c       0xf0 _build/nrf_drv_uart.o
                0x0000000000019a6c                nrf_drv_uart_rx
 .text.nrf_drv_uart_rx_enable
                0x0000000000019b5c       0x2c _build/nrf_drv_uart.o
                0x0000000000019b5c                nrf_drv_uart_rx_enable
 .text.UART0_IRQHandler
                0x0000000000019b88      0x16c _build/nrf_drv_uart.o
                0x0000000000019b88                UART0_IRQHandler
 .text.sd_flash_write
                0x0000000000019cf4        0x4 _build/pstorage.o
 .text.sd_flash_page_erase
                0x0000000000019cf8        0x4 _build/pstorage.o
 .text.state_entry_action_run
                0x0000000000019cfc      0x184 _build/pstorage.o
 .text.clear_operation_execute
                0x0000000000019e80      0x194 _build/pstorage.o
 .text.tail_restore_state_run
                0x000000000001a014       0xb4 _build/pstorage.o
 .text.state_restore_head_entry_run
                0x000000000001a0c8       0xb4 _build/pstorage.o
 .text.state_write_data_swap_entry_run
                0x000000000001a17c       0xb0 _build/pstorage.o
 .text.state_restore_tail_entry_run
                0x000000000001a22c       0xc4 _build/pstorage.o
 .text.data_to_swap_write_state_run
                0x000000000001a2f0       0xa4 _build/pstorage.o
 .text.state_swap_erase_entry_run
                0x000000000001a394       0xa4 _build/pstorage.o
 .text.swap_erase_state_run
                0x000000000001a438       0xd8 _build/pstorage.o
 .text.head_restore_state_run
                0x000000000001a510      0x1c8 _build/pstorage.o
 .text.store_cmd_flash_write_execute
                0x000000000001a6d8      0x134 _build/pstorage.o
 .text.data_page_erase_state_run
                0x000000000001a80c      0x1f8 _build/pstorage.o
 .text.state_erase_data_page_entry_run
                0x000000000001aa04       0x70 _build/pstorage.o
 .text.unlikely.cmd_queue_enqueue
                0x000000000001aa74       0x94 _build/pstorage.o
 .text.pstorage_sys_event_handler
                0x000000000001ab08      0x214 _build/pstorage.o
                0x000000000001ab08                pstorage_sys_event_handler
 .text.pstorage_init
                0x000000000001ad1c      0x154 _build/pstorage.o
                0x000000000001ad1c                pstorage_init
 .text.pstorage_register
                0x000000000001ae70       0xe4 _build/pstorage.o
                0x000000000001ae70                pstorage_register
 .text.pstorage_block_identifier_get
                0x000000000001af54       0x58 _build/pstorage.o
                0x000000000001af54                pstorage_block_identifier_get
 .text.pstorage_store
                0x000000000001afac       0x8c _build/pstorage.o
                0x000000000001afac                pstorage_store
 .text.pstorage_update
                0x000000000001b038       0x8c _build/pstorage.o
                0x000000000001b038                pstorage_update
 .text.pstorage_load
                0x000000000001b0c4       0xb4 _build/pstorage.o
                0x000000000001b0c4                pstorage_load
 .text.pstorage_clear
                0x000000000001b178       0xa4 _build/pstorage.o
                0x000000000001b178                pstorage_clear
 .text.pstorage_access_status_get
                0x000000000001b21c       0x28 _build/pstorage.o
                0x000000000001b21c                pstorage_access_status_get
 .text.alert_timer_handler
                0x000000000001b244       0x28 _build/bsp.o
 .text.bsp_button_event_handler
                0x000000000001b26c       0xcc _build/bsp.o
 .text.leds_timer_handler
                0x000000000001b338      0x340 _build/bsp.o
 .text.button_timer_handler
                0x000000000001b678       0x48 _build/bsp.o
 .text.bsp_button_is_pressed
                0x000000000001b6c0       0x2c _build/bsp.o
                0x000000000001b6c0                bsp_button_is_pressed
 .text.bsp_indication_set
                0x000000000001b6ec      0x394 _build/bsp.o
                0x000000000001b6ec                bsp_indication_set
 .text.bsp_init
                0x000000000001ba80       0xc0 _build/bsp.o
                0x000000000001ba80                bsp_init
 .text.bsp_event_to_button_action_assign
                0x000000000001bb40       0x58 _build/bsp.o
                0x000000000001bb40                bsp_event_to_button_action_assign
 .text.bsp_wakeup_buttons_set
                0x000000000001bb98       0x8c _build/bsp.o
                0x000000000001bb98                bsp_wakeup_buttons_set
 .text.bsp_btn_ble_sleep_mode_prepare
                0x000000000001bc24       0x1c _build/bsp_btn_ble.o
                0x000000000001bc24                bsp_btn_ble_sleep_mode_prepare
 .text.bsp_btn_ble_on_ble_evt
                0x000000000001bc40       0xbc _build/bsp_btn_ble.o
                0x000000000001bc40                bsp_btn_ble_on_ble_evt
 .text.bsp_btn_ble_init
                0x000000000001bcfc       0x98 _build/bsp_btn_ble.o
                0x000000000001bcfc                bsp_btn_ble_init
 .text.sd_ble_gap_disconnect
                0x000000000001bd94        0x4 _build/main.o
 .text.sd_ble_gap_ppcp_set
                0x000000000001bd98        0x4 _build/main.o
 .text.sd_ble_gap_device_name_set
                0x000000000001bd9c        0x4 _build/main.o
 .text.sd_ble_enable
                0x000000000001bda0        0x4 _build/main.o
 .text.sd_power_system_off
                0x000000000001bda4        0x4 _build/main.o
 .text.sd_app_evt_wait
                0x000000000001bda8        0x4 _build/main.o
 .text.conn_params_error_handler
                0x000000000001bdac        0xc _build/main.o
 .text.sys_evt_dispatch
                0x000000000001bdb8       0x10 _build/main.o
 .text.on_adv_evt
                0x000000000001bdc8       0xd4 _build/main.o
 .text.uart_error_handle
                0x000000000001be9c       0x1c _build/main.o
 .text.on_conn_params_evt
                0x000000000001beb8       0x28 _build/main.o
 .text.on_cts_c_evt
                0x000000000001bee0      0x150 _build/main.o
 .text.ble_evt_dispatch
                0x000000000001c030       0x64 _build/main.o
 .text.sec_req_timeout_handler
                0x000000000001c094       0x5c _build/main.o
 .text.device_manager_evt_handler
                0x000000000001c0f0       0x60 _build/main.o
 .text.current_time_error_handler
                0x000000000001c150        0xc _build/main.o
 .text.bsp_event_handler
                0x000000000001c15c       0x88 _build/main.o
                0x000000000001c15c                bsp_event_handler
 .text.assert_nrf_callback
                0x000000000001c1e4       0x14 _build/main.o
                0x000000000001c1e4                assert_nrf_callback
 .text.startup.main
                0x000000000001c1f8      0x334 _build/main.o
                0x000000000001c1f8                main
 .text.sd_ble_gap_address_get
                0x000000000001c52c        0x4 _build/ble_advdata.o
 .text.sd_ble_gap_adv_data_set
                0x000000000001c530        0x4 _build/ble_advdata.o
 .text.sd_ble_gap_appearance_get
                0x000000000001c534        0x4 _build/ble_advdata.o
 .text.sd_ble_gap_device_name_get
                0x000000000001c538        0x4 _build/ble_advdata.o
 .text.sd_ble_uuid_encode
                0x000000000001c53c        0x4 _build/ble_advdata.o
 .text.uuid_list_sized_encode
                0x000000000001c540       0xf8 _build/ble_advdata.o
 .text.adv_data_encode
                0x000000000001c638      0x5b8 _build/ble_advdata.o
                0x000000000001c638                adv_data_encode
 .text.ble_advdata_set
                0x000000000001cbf0       0x68 _build/ble_advdata.o
                0x000000000001cbf0                ble_advdata_set
 .text.sd_ble_gap_adv_start
                0x000000000001cc58        0x4 _build/ble_advertising.o
 .text.sd_ble_gap_adv_stop
                0x000000000001cc5c        0x4 _build/ble_advertising.o
 .text.ble_advertising_start.part.1
                0x000000000001cc60      0x2a8 _build/ble_advertising.o
 .text.ble_advertising_init
                0x000000000001cf08      0x144 _build/ble_advertising.o
                0x000000000001cf08                ble_advertising_init
 .text.ble_advertising_start
                0x000000000001d04c       0x3c _build/ble_advertising.o
                0x000000000001d04c                ble_advertising_start
 .text.ble_advertising_on_ble_evt
                0x000000000001d088       0xec _build/ble_advertising.o
                0x000000000001d088                ble_advertising_on_ble_evt
 .text.ble_advertising_on_sys_evt
                0x000000000001d174       0x54 _build/ble_advertising.o
                0x000000000001d174                ble_advertising_on_sys_evt
 .text.ble_advertising_whitelist_reply
                0x000000000001d1c8       0xd4 _build/ble_advertising.o
                0x000000000001d1c8                ble_advertising_whitelist_reply
 .text.ble_advertising_restart_without_whitelist
                0x000000000001d29c       0x78 _build/ble_advertising.o
                0x000000000001d29c                ble_advertising_restart_without_whitelist
 .text.sd_ble_gap_conn_param_update
                0x000000000001d314        0x4 _build/ble_conn_params.o
 .text.sd_ble_gap_disconnect
                0x000000000001d318        0x4 _build/ble_conn_params.o
 .text.sd_ble_gap_ppcp_set
                0x000000000001d31c        0x4 _build/ble_conn_params.o
 .text.sd_ble_gap_ppcp_get
                0x000000000001d320        0x4 _build/ble_conn_params.o
 .text.update_timeout_handler
                0x000000000001d324       0x78 _build/ble_conn_params.o
 .text.conn_params_negotiation
                0x000000000001d39c       0x88 _build/ble_conn_params.o
 .text.ble_conn_params_init
                0x000000000001d424       0x78 _build/ble_conn_params.o
                0x000000000001d424                ble_conn_params_init
 .text.ble_conn_params_on_ble_evt
                0x000000000001d49c       0xac _build/ble_conn_params.o
                0x000000000001d49c                ble_conn_params_on_ble_evt
 .text.sd_ble_gattc_read
                0x000000000001d548        0x4 _build/ble_cts_c.o
 .text.db_discover_evt_handler
                0x000000000001d54c       0x8c _build/ble_cts_c.o
 .text.ble_cts_c_init
                0x000000000001d5d8       0x54 _build/ble_cts_c.o
                0x000000000001d5d8                ble_cts_c_init
 .text.ble_cts_c_on_ble_evt
                0x000000000001d62c      0x130 _build/ble_cts_c.o
                0x000000000001d62c                ble_cts_c_on_ble_evt
 .text.ble_cts_c_current_time_read
                0x000000000001d75c       0x18 _build/ble_cts_c.o
                0x000000000001d75c                ble_cts_c_current_time_read
 .text.sd_ble_gattc_primary_services_discover
                0x000000000001d774        0x4 _build/ble_db_discovery.o
 .text.sd_ble_gattc_characteristics_discover
                0x000000000001d778        0x4 _build/ble_db_discovery.o
 .text.sd_ble_gattc_descriptors_discover
                0x000000000001d77c        0x4 _build/ble_db_discovery.o
 .text.discovery_complete_evt_trigger
                0x000000000001d780       0xfc _build/ble_db_discovery.o
 .text.descriptors_discover
                0x000000000001d87c       0xb0 _build/ble_db_discovery.o
 .text.on_srv_disc_completion.part.1
                0x000000000001d92c      0x108 _build/ble_db_discovery.o
 .text.ble_db_discovery_init
                0x000000000001da34       0x20 _build/ble_db_discovery.o
                0x000000000001da34                ble_db_discovery_init
 .text.ble_db_discovery_evt_register
                0x000000000001da54       0x54 _build/ble_db_discovery.o
                0x000000000001da54                ble_db_discovery_evt_register
 .text.ble_db_discovery_start
                0x000000000001daa8       0x6c _build/ble_db_discovery.o
                0x000000000001daa8                ble_db_discovery_start
 .text.ble_db_discovery_on_ble_evt
                0x000000000001db14      0x698 _build/ble_db_discovery.o
                0x000000000001db14                ble_db_discovery_on_ble_evt
 .text.sd_ble_gap_authenticate
                0x000000000001e1ac        0x4 _build/device_manager_peripheral.o
 .text.sd_ble_gap_sec_params_reply
                0x000000000001e1b0        0x4 _build/device_manager_peripheral.o
 .text.sd_ble_gap_sec_info_reply
                0x000000000001e1b4        0x4 _build/device_manager_peripheral.o
 .text.sd_ble_gatts_service_changed
                0x000000000001e1b8        0x4 _build/device_manager_peripheral.o
 .text.sd_ble_gatts_sys_attr_set
                0x000000000001e1bc        0x4 _build/device_manager_peripheral.o
 .text.sd_ble_gatts_sys_attr_get
                0x000000000001e1c0        0x4 _build/device_manager_peripheral.o
 .text.storage_operation_dummy_handler
                0x000000000001e1c4        0x4 _build/device_manager_peripheral.o
 .text.gattc_context_load
                0x000000000001e1c8        0x4 _build/device_manager_peripheral.o
 .text.gattc_context_apply
                0x000000000001e1cc        0x4 _build/device_manager_peripheral.o
 .text.gatts_context_apply
                0x000000000001e1d0       0xdc _build/device_manager_peripheral.o
 .text.gatts_context_store
                0x000000000001e2ac       0xd0 _build/device_manager_peripheral.o
 .text.gatts_context_load
                0x000000000001e37c       0x3c _build/device_manager_peripheral.o
 .text.dm_pstorage_cb_handler
                0x000000000001e3b8      0x140 _build/device_manager_peripheral.o
 .text.no_service_context_load
                0x000000000001e4f8        0x4 _build/device_manager_peripheral.o
 .text.no_service_context_store
                0x000000000001e4fc        0x4 _build/device_manager_peripheral.o
 .text.gattc_context_store
                0x000000000001e500        0x4 _build/device_manager_peripheral.o
 .text.no_service_context_apply
                0x000000000001e504        0x4 _build/device_manager_peripheral.o
 .text.gattsc_context_load
                0x000000000001e508       0x3c _build/device_manager_peripheral.o
 .text.gattsc_context_apply
                0x000000000001e544       0xe0 _build/device_manager_peripheral.o
 .text.gattsc_context_store
                0x000000000001e624       0xd0 _build/device_manager_peripheral.o
 .text.dm_init  0x000000000001e6f4      0x138 _build/device_manager_peripheral.o
                0x000000000001e6f4                dm_init
 .text.dm_register
                0x000000000001e82c       0x7c _build/device_manager_peripheral.o
                0x000000000001e82c                dm_register
 .text.dm_security_setup_req
                0x000000000001e8a8       0x5c _build/device_manager_peripheral.o
                0x000000000001e8a8                dm_security_setup_req
 .text.dm_security_status_req
                0x000000000001e904       0x74 _build/device_manager_peripheral.o
                0x000000000001e904                dm_security_status_req
 .text.dm_whitelist_create
                0x000000000001e978      0x264 _build/device_manager_peripheral.o
                0x000000000001e978                dm_whitelist_create
 .text.dm_ble_evt_handler
                0x000000000001ebdc      0x6dc _build/device_manager_peripheral.o
                0x000000000001ebdc                dm_ble_evt_handler
 .text.SystemInit
                0x000000000001f2b8       0x94 _build/system_nrf51.o
                0x000000000001f2b8                SystemInit
 .text.sd_nvic_EnableIRQ
                0x000000000001f34c        0x4 _build/softdevice_handler.o
 .text.sd_evt_get
                0x000000000001f350        0x4 _build/softdevice_handler.o
 .text.sd_softdevice_enable
                0x000000000001f354        0x4 _build/softdevice_handler.o
 .text.sd_ble_evt_get
                0x000000000001f358        0x4 _build/softdevice_handler.o
 .text.softdevice_assertion_handler
                0x000000000001f35c        0xc _build/softdevice_handler.o
                0x000000000001f35c                softdevice_assertion_handler
 .text.intern_softdevice_events_execute.part.0
                0x000000000001f368       0xec _build/softdevice_handler.o
 .text.softdevice_handler_init
                0x000000000001f454       0x4c _build/softdevice_handler.o
                0x000000000001f454                softdevice_handler_init
 .text.softdevice_ble_evt_handler_set
                0x000000000001f4a0       0x14 _build/softdevice_handler.o
                0x000000000001f4a0                softdevice_ble_evt_handler_set
 .text.softdevice_sys_evt_handler_set
                0x000000000001f4b4       0x14 _build/softdevice_handler.o
                0x000000000001f4b4                softdevice_sys_evt_handler_set
 .text.SWI2_IRQHandler
                0x000000000001f4c8       0x34 _build/softdevice_handler.o
                0x000000000001f4c8                SWI2_IRQHandler
 .text          0x000000000001f4fc       0x54 _build/gcc_startup_nrf51.o
                0x000000000001f4fc                Reset_Handler
                0x000000000001f544                NMI_Handler
                0x000000000001f546                HardFault_Handler
                0x000000000001f548                SVC_Handler
                0x000000000001f54a                PendSV_Handler
                0x000000000001f54c                SysTick_Handler
                0x000000000001f54e                TIMER2_IRQHandler
                0x000000000001f54e                SPI0_TWI0_IRQHandler
                0x000000000001f54e                RTC0_IRQHandler
                0x000000000001f54e                POWER_CLOCK_IRQHandler
                0x000000000001f54e                RADIO_IRQHandler
                0x000000000001f54e                LPCOMP_IRQHandler
                0x000000000001f54e                SWI4_IRQHandler
                0x000000000001f54e                TEMP_IRQHandler
                0x000000000001f54e                QDEC_IRQHandler
                0x000000000001f54e                SWI5_IRQHandler
                0x000000000001f54e                TIMER0_IRQHandler
                0x000000000001f54e                TIMER1_IRQHandler
                0x000000000001f54e                ECB_IRQHandler
                0x000000000001f54e                Default_Handler
                0x000000000001f54e                ADC_IRQHandler
                0x000000000001f54e                SWI3_IRQHandler
                0x000000000001f54e                CCM_AAR_IRQHandler
                0x000000000001f54e                WDT_IRQHandler
                0x000000000001f54e                RNG_IRQHandler
                0x000000000001f54e                SPI1_TWI1_IRQHandler
                0x000000000001f54e                SWI1_IRQHandler
 .text          0x000000000001f550      0x114 /usr/bin/../lib/gcc/arm-none-eabi/5.3.1/armv6-m/libgcc.a(_udivsi3.o)
                0x000000000001f550                __udivsi3
                0x000000000001f550                __aeabi_uidiv
                0x000000000001f65c                __aeabi_uidivmod
 .text          0x000000000001f664      0x1d4 /usr/bin/../lib/gcc/arm-none-eabi/5.3.1/armv6-m/libgcc.a(_divsi3.o)
                0x000000000001f664                __aeabi_idiv
                0x000000000001f664                __divsi3
                0x000000000001f830                __aeabi_idivmod
 .text          0x000000000001f838        0x4 /usr/bin/../lib/gcc/arm-none-eabi/5.3.1/armv6-m/libgcc.a(_dvmd_tls.o)
                0x000000000001f838                __aeabi_ldiv0
                0x000000000001f838                __aeabi_idiv0
 .text.memcmp   0x000000000001f83c       0x1e /usr/bin/../lib/gcc/arm-none-eabi/5.3.1/../../../../arm-none-eabi/lib/armv6-m/libc_nano.a(lib_a-memcmp.o)
                0x000000000001f83c                memcmp
 .text.memcpy   0x000000000001f85a       0x12 /usr/bin/../lib/gcc/arm-none-eabi/5.3.1/../../../../arm-none-eabi/lib/armv6-m/libc_nano.a(lib_a-memcpy-stub.o)
                0x000000000001f85a                memcpy
 .text.printf   0x000000000001f86c       0x34 /usr/bin/../lib/gcc/arm-none-eabi/5.3.1/../../../../arm-none-eabi/lib/armv6-m/libc_nano.a(lib_a-printf.o)
                0x000000000001f86c                printf
                0x000000000001f86c                iprintf
 .text          0x000000000001f8a0        0xe /usr/bin/../lib/gcc/arm-none-eabi/5.3.1/../../../../arm-none-eabi/lib/armv6-m/libc_nano.a(lib_a-strlen.o)
                0x000000000001f8a0                strlen
 *fill*         0x000000000001f8ae        0x2 
 .text._cleanup_r
                0x000000000001f8b0       0x10 /usr/bin/../lib/gcc/arm-none-eabi/5.3.1/../../../../arm-none-eabi/lib/armv6-m/libc_nano.a(lib_a-findfp.o)
                0x000000000001f8b0                _cleanup_r
 .text.std.isra.0
                0x000000000001f8c0       0x48 /usr/bin/../lib/gcc/arm-none-eabi/5.3.1/../../../../arm-none-eabi/lib/armv6-m/libc_nano.a(lib_a-findfp.o)
 .text.__sfmoreglue
                0x000000000001f908       0x2c /usr/bin/../lib/gcc/arm-none-eabi/5.3.1/../../../../arm-none-eabi/lib/armv6-m/libc_nano.a(lib_a-findfp.o)
                0x000000000001f908                __sfmoreglue
 .text.__sinit  0x000000000001f934       0x68 /usr/bin/../lib/gcc/arm-none-eabi/5.3.1/../../../../arm-none-eabi/lib/armv6-m/libc_nano.a(lib_a-findfp.o)
                0x000000000001f934                __sinit
 .text.__sfp    0x000000000001f99c       0x7c /usr/bin/../lib/gcc/arm-none-eabi/5.3.1/../../../../arm-none-eabi/lib/armv6-m/libc_nano.a(lib_a-findfp.o)
                0x000000000001f99c                __sfp
 .text._fwalk_reent
                0x000000000001fa18       0x42 /usr/bin/../lib/gcc/arm-none-eabi/5.3.1/../../../../arm-none-eabi/lib/armv6-m/libc_nano.a(lib_a-fwalk.o)
                0x000000000001fa18                _fwalk_reent
 *fill*         0x000000000001fa5a        0x2 
 .text._malloc_r
                0x000000000001fa5c       0xac /usr/bin/../lib/gcc/arm-none-eabi/5.3.1/../../../../arm-none-eabi/lib/armv6-m/libc_nano.a(lib_a-nano-mallocr.o)
                0x000000000001fa5c                _malloc_r
 .text.__sfputc_r
                0x000000000001fb08       0x2a /usr/bin/../lib/gcc/arm-none-eabi/5.3.1/../../../../arm-none-eabi/lib/armv6-m/libc_nano.a(lib_a-nano-vfprintf.o)
 .text.__sfputs_r
                0x000000000001fb32       0x24 /usr/bin/../lib/gcc/arm-none-eabi/5.3.1/../../../../arm-none-eabi/lib/armv6-m/libc_nano.a(lib_a-nano-vfprintf.o)
                0x000000000001fb32                __sfputs_r
 *fill*         0x000000000001fb56        0x2 
 .text._vfprintf_r
                0x000000000001fb58      0x238 /usr/bin/../lib/gcc/arm-none-eabi/5.3.1/../../../../arm-none-eabi/lib/armv6-m/libc_nano.a(lib_a-nano-vfprintf.o)
                0x000000000001fb58                _vfiprintf_r
                0x000000000001fb58                _vfprintf_r
 .text._printf_common
                0x000000000001fd90       0xdc /usr/bin/../lib/gcc/arm-none-eabi/5.3.1/../../../../arm-none-eabi/lib/armv6-m/libc_nano.a(lib_a-nano-vfprintf_i.o)
                0x000000000001fd90                _printf_common
 .text._printf_i
                0x000000000001fe6c      0x244 /usr/bin/../lib/gcc/arm-none-eabi/5.3.1/../../../../arm-none-eabi/lib/armv6-m/libc_nano.a(lib_a-nano-vfprintf_i.o)
                0x000000000001fe6c                _printf_i
 .text._sbrk_r  0x00000000000200b0       0x24 /usr/bin/../lib/gcc/arm-none-eabi/5.3.1/../../../../arm-none-eabi/lib/armv6-m/libc_nano.a(lib_a-sbrkr.o)
                0x00000000000200b0                _sbrk_r
 .text.__sread  0x00000000000200d4       0x28 /usr/bin/../lib/gcc/arm-none-eabi/5.3.1/../../../../arm-none-eabi/lib/armv6-m/libc_nano.a(lib_a-stdio.o)
                0x00000000000200d4                __sread
 .text.__swrite
                0x00000000000200fc       0x38 /usr/bin/../lib/gcc/arm-none-eabi/5.3.1/../../../../arm-none-eabi/lib/armv6-m/libc_nano.a(lib_a-stdio.o)
                0x00000000000200fc                __swrite
 .text.__sseek  0x0000000000020134       0x2c /usr/bin/../lib/gcc/arm-none-eabi/5.3.1/../../../../arm-none-eabi/lib/armv6-m/libc_nano.a(lib_a-stdio.o)
                0x0000000000020134                __sseek
 .text.__sclose
                0x0000000000020160        0xc /usr/bin/../lib/gcc/arm-none-eabi/5.3.1/../../../../arm-none-eabi/lib/armv6-m/libc_nano.a(lib_a-stdio.o)
                0x0000000000020160                __sclose
 .text.__swbuf_r
                0x000000000002016c       0xb0 /usr/bin/../lib/gcc/arm-none-eabi/5.3.1/../../../../arm-none-eabi/lib/armv6-m/libc_nano.a(lib_a-wbuf.o)
                0x000000000002016c                __swbuf_r
 .text._write_r
                0x000000000002021c       0x28 /usr/bin/../lib/gcc/arm-none-eabi/5.3.1/../../../../arm-none-eabi/lib/armv6-m/libc_nano.a(lib_a-writer.o)
                0x000000000002021c                _write_r
 .text.__swsetup_r
                0x0000000000020244       0xec /usr/bin/../lib/gcc/arm-none-eabi/5.3.1/../../../../arm-none-eabi/lib/armv6-m/libc_nano.a(lib_a-wsetup.o)
                0x0000000000020244                __swsetup_r
 .text._close_r
                0x0000000000020330       0x24 /usr/bin/../lib/gcc/arm-none-eabi/5.3.1/../../../../arm-none-eabi/lib/armv6-m/libc_nano.a(lib_a-closer.o)
                0x0000000000020330                _close_r
 .text.__sflush_r
                0x0000000000020354      0x10c /usr/bin/../lib/gcc/arm-none-eabi/5.3.1/../../../../arm-none-eabi/lib/armv6-m/libc_nano.a(lib_a-fflush.o)
                0x0000000000020354                __sflush_r
 .text._fflush_r
                0x0000000000020460       0x58 /usr/bin/../lib/gcc/arm-none-eabi/5.3.1/../../../../arm-none-eabi/lib/armv6-m/libc_nano.a(lib_a-fflush.o)
                0x0000000000020460                _fflush_r
 .text._lseek_r
                0x00000000000204b8       0x28 /usr/bin/../lib/gcc/arm-none-eabi/5.3.1/../../../../arm-none-eabi/lib/armv6-m/libc_nano.a(lib_a-lseekr.o)
                0x00000000000204b8                _lseek_r
 .text.__swhatbuf_r
                0x00000000000204e0       0x4c /usr/bin/../lib/gcc/arm-none-eabi/5.3.1/../../../../arm-none-eabi/lib/armv6-m/libc_nano.a(lib_a-makebuf.o)
                0x00000000000204e0                __swhatbuf_r
 .text.__smakebuf_r
                0x000000000002052c       0x7c /usr/bin/../lib/gcc/arm-none-eabi/5.3.1/../../../../arm-none-eabi/lib/armv6-m/libc_nano.a(lib_a-makebuf.o)
                0x000000000002052c                __smakebuf_r
 .text.memchr   0x00000000000205a8       0x16 /usr/bin/../lib/gcc/arm-none-eabi/5.3.1/../../../../arm-none-eabi/lib/armv6-m/libc_nano.a(lib_a-memchr-stub.o)
                0x00000000000205a8                memchr
 *fill*         0x00000000000205be        0x2 
 .text._free_r  0x00000000000205c0       0x8c /usr/bin/../lib/gcc/arm-none-eabi/5.3.1/../../../../arm-none-eabi/lib/armv6-m/libc_nano.a(lib_a-nano-freer.o)
                0x00000000000205c0                _free_r
 .text._read_r  0x000000000002064c       0x28 /usr/bin/../lib/gcc/arm-none-eabi/5.3.1/../../../../arm-none-eabi/lib/armv6-m/libc_nano.a(lib_a-readr.o)
                0x000000000002064c                _read_r
 .text._fstat_r
                0x0000000000020674       0x24 /usr/bin/../lib/gcc/arm-none-eabi/5.3.1/../../../../arm-none-eabi/lib/armv6-m/libc_nano.a(lib_a-fstatr.o)
                0x0000000000020674                _fstat_r
 .text._isatty_r
                0x0000000000020698       0x24 /usr/bin/../lib/gcc/arm-none-eabi/5.3.1/../../../../arm-none-eabi/lib/armv6-m/libc_nano.a(lib_a-isattyr.o)
                0x0000000000020698                _isatty_r
 .text._close   0x00000000000206bc       0x10 /usr/bin/../lib/gcc/arm-none-eabi/5.3.1/../../../../arm-none-eabi/lib/armv6-m/libnosys.a(close.o)
                0x00000000000206bc                _close
 .text._fstat   0x00000000000206cc       0x10 /usr/bin/../lib/gcc/arm-none-eabi/5.3.1/../../../../arm-none-eabi/lib/armv6-m/libnosys.a(fstat.o)
                0x00000000000206cc                _fstat
 .text._isatty  0x00000000000206dc       0x10 /usr/bin/../lib/gcc/arm-none-eabi/5.3.1/../../../../arm-none-eabi/lib/armv6-m/libnosys.a(isatty.o)
                0x00000000000206dc                _isatty
 .text._lseek   0x00000000000206ec       0x10 /usr/bin/../lib/gcc/arm-none-eabi/5.3.1/../../../../arm-none-eabi/lib/armv6-m/libnosys.a(lseek.o)
                0x00000000000206ec                _lseek
 .text._sbrk    0x00000000000206fc       0x1c /usr/bin/../lib/gcc/arm-none-eabi/5.3.1/../../../../arm-none-eabi/lib/armv6-m/libnosys.a(sbrk.o)
                0x00000000000206fc                _sbrk
 *(.init)
 .init          0x0000000000020718        0x4 /usr/bin/../lib/gcc/arm-none-eabi/5.3.1/armv6-m/crti.o
                0x0000000000020718                _init
 .init          0x000000000002071c        0x8 /usr/bin/../lib/gcc/arm-none-eabi/5.3.1/armv6-m/crtn.o
 *(.fini)
 .fini          0x0000000000020724        0x4 /usr/bin/../lib/gcc/arm-none-eabi/5.3.1/armv6-m/crti.o
                0x0000000000020724                _fini
 .fini          0x0000000000020728        0x8 /usr/bin/../lib/gcc/arm-none-eabi/5.3.1/armv6-m/crtn.o
 *crtbegin.o(.ctors)
 *crtbegin?.o(.ctors)
 *(EXCLUDE_FILE(*crtend.o *crtend?.o) .ctors)
 *(SORT(.ctors.*))
 *(.ctors)
 *crtbegin.o(.dtors)
 *crtbegin?.o(.dtors)
 *(EXCLUDE_FILE(*crtend.o *crtend?.o) .dtors)
 *(SORT(.dtors.*))
 *(.dtors)
 *(.rodata*)
 .rodata.str1.1
                0x0000000000020730        0x2 /usr/bin/../lib/gcc/arm-none-eabi/5.3.1/../../../../arm-none-eabi/lib/armv6-m/libc_nano.a(lib_a-impure.o)
 *fill*         0x0000000000020732        0x2 
 .rodata._global_impure_ptr
                0x0000000000020734        0x4 /usr/bin/../lib/gcc/arm-none-eabi/5.3.1/../../../../arm-none-eabi/lib/armv6-m/libc_nano.a(lib_a-impure.o)
                0x0000000000020734                _global_impure_ptr
 .rodata.m_detection_delay_timer_id
                0x0000000000020738        0x4 _build/app_button.o
 .rodata        0x000000000002073c       0x20 _build/app_uart_fifo.o
 .rodata.m_default_config
                0x000000000002075c       0x20 _build/nrf_drv_uart.o
 .rodata.swap_sub_state_sm_lut.5932
                0x000000000002077c       0x14 _build/pstorage.o
 .rodata.swap_sub_state_sm_lut.6007
                0x0000000000020790       0x14 _build/pstorage.o
 .rodata.leds_timer_handler
                0x00000000000207a4       0x60 _build/bsp.o
 .rodata.bsp_indication_set
                0x0000000000020804       0x60 _build/bsp.o
 .rodata.m_buttons_list
                0x0000000000020864       0x10 _build/bsp.o
 .rodata.m_button_timer_id
                0x0000000000020874        0x4 _build/bsp.o
 .rodata.app_buttons
                0x0000000000020878       0x20 _build/bsp.o
 .rodata.m_leds_timer_id
                0x0000000000020898        0x4 _build/bsp.o
 .rodata.m_alert_timer_id
                0x000000000002089c        0x4 _build/bsp.o
 .rodata.on_adv_evt
                0x00000000000208a0       0x20 _build/main.o
 .rodata.on_cts_c_evt
                0x00000000000208c0       0x14 _build/main.o
 .rodata        0x00000000000208d4        0xc _build/main.o
 .rodata.month_of_year
                0x00000000000208e0       0x34 _build/main.o
 .rodata.day_of_week
                0x0000000000020914       0x20 _build/main.o
 .rodata.str1.4
                0x0000000000020934      0x304 _build/main.o
                                        0x303 (size before relaxing)
 .rodata.m_sec_req_timer_id
                0x0000000000020c38        0x4 _build/main.o
 .rodata.m_conn_params_timer_id
                0x0000000000020c3c        0x4 _build/ble_conn_params.o
 .rodata.ble_db_discovery_on_ble_evt
                0x0000000000020c40       0x90 _build/ble_db_discovery.o
 .rodata.dm_ble_evt_handler
                0x0000000000020cd0      0x108 _build/device_manager_peripheral.o
 .rodata.m_service_context_apply
                0x0000000000020dd8       0x10 _build/device_manager_peripheral.o
                0x0000000000020dd8                m_service_context_apply
 .rodata.m_service_context_store
                0x0000000000020de8       0x10 _build/device_manager_peripheral.o
                0x0000000000020de8                m_service_context_store
 .rodata.m_service_context_load
                0x0000000000020df8       0x10 _build/device_manager_peripheral.o
                0x0000000000020df8                m_service_context_load
 .rodata.__sf_fake_stdin
                0x0000000000020e08       0x20 /usr/bin/../lib/gcc/arm-none-eabi/5.3.1/../../../../arm-none-eabi/lib/armv6-m/libc_nano.a(lib_a-findfp.o)
                0x0000000000020e08                __sf_fake_stdin
 .rodata.__sf_fake_stdout
                0x0000000000020e28       0x20 /usr/bin/../lib/gcc/arm-none-eabi/5.3.1/../../../../arm-none-eabi/lib/armv6-m/libc_nano.a(lib_a-findfp.o)
                0x0000000000020e28                __sf_fake_stdout
 .rodata.__sf_fake_stderr
                0x0000000000020e48       0x20 /usr/bin/../lib/gcc/arm-none-eabi/5.3.1/../../../../arm-none-eabi/lib/armv6-m/libc_nano.a(lib_a-findfp.o)
                0x0000000000020e48                __sf_fake_stderr
 .rodata.str1.1
                0x0000000000020e68       0x11 /usr/bin/../lib/gcc/arm-none-eabi/5.3.1/../../../../arm-none-eabi/lib/armv6-m/libc_nano.a(lib_a-nano-vfprintf.o)
 .rodata.str1.1
                0x0000000000020e79       0x22 /usr/bin/../lib/gcc/arm-none-eabi/5.3.1/../../../../arm-none-eabi/lib/armv6-m/libc_nano.a(lib_a-nano-vfprintf_i.o)
 *(.eh_frame*)
 *fill*         0x0000000000020e9b        0x1 
 .eh_frame      0x0000000000020e9c        0x0 /usr/bin/../lib/gcc/arm-none-eabi/5.3.1/armv6-m/crtbegin.o
                0x0000000000020e9c                . = ALIGN (0x4)

.glue_7         0x0000000000020e9c        0x0
 .glue_7        0x0000000000020e9c        0x0 linker stubs

.glue_7t        0x0000000000020e9c        0x0
 .glue_7t       0x0000000000020e9c        0x0 linker stubs

.vfp11_veneer   0x0000000000020e9c        0x0
 .vfp11_veneer  0x0000000000020e9c        0x0 linker stubs

.v4_bx          0x0000000000020e9c        0x0
 .v4_bx         0x0000000000020e9c        0x0 linker stubs

.iplt           0x0000000000020e9c        0x0
 .iplt          0x0000000000020e9c        0x0 /usr/bin/../lib/gcc/arm-none-eabi/5.3.1/armv6-m/crtbegin.o

.ARM.extab      0x0000000000020e9c        0x0
 *(.ARM.extab* .gnu.linkonce.armextab.*)
                0x0000000000020e9c                . = ALIGN (0x4)
                0x0000000000020e9c                __exidx_start = .

.ARM.exidx      0x0000000000020e9c        0x8
 *(.ARM.exidx* .gnu.linkonce.armexidx.*)
 .ARM.exidx     0x0000000000020e9c        0x8 /usr/bin/../lib/gcc/arm-none-eabi/5.3.1/../../../../arm-none-eabi/lib/armv6-m/crt0.o
 .ARM.exidx     0x0000000000020ea4        0x0 _build/gcc_startup_nrf51.o
                                          0x8 (size before relaxing)
                0x0000000000020ea4                . = ALIGN (0x4)
                0x0000000000020ea4                __exidx_end = .
                0x0000000000020ea4                __etext = .

.rel.dyn        0x0000000000020ea4        0x0
 .rel.iplt      0x0000000000020ea4        0x0 /usr/bin/../lib/gcc/arm-none-eabi/5.3.1/armv6-m/crtbegin.o

.data           0x0000000020002000       0x74 load address 0x0000000000020ea4
                0x0000000020002000                __data_start__ = .
 *(vtable)
 *(.data*)
 .data.impure_data
                0x0000000020002000       0x60 /usr/bin/../lib/gcc/arm-none-eabi/5.3.1/../../../../arm-none-eabi/lib/armv6-m/libc_nano.a(lib_a-impure.o)
 .data._impure_ptr
                0x0000000020002060        0x4 /usr/bin/../lib/gcc/arm-none-eabi/5.3.1/../../../../arm-none-eabi/lib/armv6-m/libc_nano.a(lib_a-impure.o)
                0x0000000020002060                _impure_ptr
 .data.m_adv_uuids
                0x0000000020002064        0x4 _build/main.o
 .data.m_conn_handle
                0x0000000020002068        0x2 _build/main.o
 .data.current_slave_link_conn_handle.7242
                0x000000002000206a        0x2 _build/ble_advertising.o
                0x000000002000206c                . = ALIGN (0x4)
                0x000000002000206c                PROVIDE (__preinit_array_start, .)
 *(.preinit_array)
                0x000000002000206c                PROVIDE (__preinit_array_end, .)
                0x000000002000206c                . = ALIGN (0x4)
                0x000000002000206c                PROVIDE (__init_array_start, .)
 *(SORT(.init_array.*))
 *(.init_array)
 .init_array    0x000000002000206c        0x4 /usr/bin/../lib/gcc/arm-none-eabi/5.3.1/armv6-m/crtbegin.o
                0x0000000020002070                PROVIDE (__init_array_end, .)
                0x0000000020002070                . = ALIGN (0x4)
                [!provide]                        PROVIDE (__fini_array_start, .)
 *(SORT(.fini_array.*))
 *(.fini_array)
 .fini_array    0x0000000020002070        0x4 /usr/bin/../lib/gcc/arm-none-eabi/5.3.1/armv6-m/crtbegin.o
                [!provide]                        PROVIDE (__fini_array_end, .)
 *(.jcr)
 .jcr           0x0000000020002074        0x0 /usr/bin/../lib/gcc/arm-none-eabi/5.3.1/armv6-m/crtbegin.o
                0x0000000020002074                . = ALIGN (0x4)
                0x0000000020002074                __data_end__ = .

.igot.plt       0x0000000020002074        0x0 load address 0x0000000000020f18
 .igot.plt      0x0000000020002074        0x0 /usr/bin/../lib/gcc/arm-none-eabi/5.3.1/armv6-m/crtbegin.o

.bss            0x0000000020002074      0xd8c load address 0x0000000000020f18
                0x0000000020002074                . = ALIGN (0x4)
                0x0000000020002074                __bss_start__ = .
 *(.bss*)
 .bss           0x0000000020002074       0x1c /usr/bin/../lib/gcc/arm-none-eabi/5.3.1/armv6-m/crtbegin.o
 .bss.m_detection_delay
                0x0000000020002090        0x4 _build/app_button.o
 .bss.mp_buttons
                0x0000000020002094        0x4 _build/app_button.o
 .bss.m_button_count
                0x0000000020002098        0x1 _build/app_button.o
 *fill*         0x0000000020002099        0x3 
 .bss.m_detection_delay_timer_id_data
                0x000000002000209c       0x20 _build/app_button.o
 .bss.m_pin_state
                0x00000000200020bc        0x4 _build/app_button.o
 .bss.m_pin_transition
                0x00000000200020c0        0x4 _build/app_button.o
 .bss.m_queue_event_headers
                0x00000000200020c4        0x4 _build/app_scheduler.o
 .bss.m_queue_event_data
                0x00000000200020c8        0x4 _build/app_scheduler.o
 .bss.m_queue_event_size
                0x00000000200020cc        0x2 _build/app_scheduler.o
 .bss.m_queue_start_index
                0x00000000200020ce        0x1 _build/app_scheduler.o
 .bss.m_queue_end_index
                0x00000000200020cf        0x1 _build/app_scheduler.o
 .bss.m_queue_size
                0x00000000200020d0        0x2 _build/app_scheduler.o
 *fill*         0x00000000200020d2        0x2 
 .bss.m_ticks_latest
                0x00000000200020d4        0x4 _build/app_timer.o
 .bss.mp_timer_id_head
                0x00000000200020d8        0x4 _build/app_timer.o
 .bss.m_evt_schedule_func
                0x00000000200020dc        0x4 _build/app_timer.o
 .bss.m_user_array_size
                0x00000000200020e0        0x1 _build/app_timer.o
 *fill*         0x00000000200020e1        0x3 
 .bss.mp_users  0x00000000200020e4        0x4 _build/app_timer.o
 .bss.m_ticks_elapsed_q_read_ind
                0x00000000200020e8        0x1 _build/app_timer.o
 .bss.m_ticks_elapsed_q_write_ind
                0x00000000200020e9        0x1 _build/app_timer.o
 .bss.m_rtc1_reset
                0x00000000200020ea        0x1 _build/app_timer.o
 *fill*         0x00000000200020eb        0x1 
 .bss.m_ticks_elapsed
                0x00000000200020ec        0x8 _build/app_timer.o
 .bss.m_rtc1_running
                0x00000000200020f4        0x1 _build/app_timer.o
 *fill*         0x00000000200020f5        0x3 
 .bss.tx_buffer
                0x00000000200020f8        0x1 _build/app_uart_fifo.o
 *fill*         0x00000000200020f9        0x3 
 .bss.m_event_handler
                0x00000000200020fc        0x4 _build/app_uart_fifo.o
 .bss.rx_buffer
                0x0000000020002100        0x1 _build/app_uart_fifo.o
 *fill*         0x0000000020002101        0x3 
 .bss.m_tx_fifo
                0x0000000020002104       0x10 _build/app_uart_fifo.o
 .bss.m_rx_fifo
                0x0000000020002114       0x10 _build/app_uart_fifo.o
 .bss.tx_tmp    0x0000000020002124        0x1 _build/app_uart_fifo.o
 *fill*         0x0000000020002125        0x3 
 .bss.m_cb      0x0000000020002128       0x48 _build/nrf_drv_gpiote.o
 .bss.m_cb      0x0000000020002170       0x18 _build/nrf_drv_uart.o
 .bss.m_cmd_queue
                0x0000000020002188       0xcc _build/pstorage.o
 .bss.m_current_page_id
                0x0000000020002254        0x4 _build/pstorage.o
 .bss.m_tail_word_size
                0x0000000020002258        0x4 _build/pstorage.o
 .bss.m_num_of_bytes_written
                0x000000002000225c        0x4 _build/pstorage.o
 .bss.m_next_app_instance
                0x0000000020002260        0x2 _build/pstorage.o
 .bss.m_state   0x0000000020002262        0x1 _build/pstorage.o
 .bss.m_swap_sub_state
                0x0000000020002263        0x1 _build/pstorage.o
 .bss.m_head_word_size
                0x0000000020002264        0x4 _build/pstorage.o
 .bss.m_next_page_addr
                0x0000000020002268        0x4 _build/pstorage.o
 .bss.m_app_data_size
                0x000000002000226c        0x4 _build/pstorage.o
 .bss.m_flags   0x0000000020002270        0x4 _build/pstorage.o
 .bss.m_num_of_command_retries
                0x0000000020002274        0x4 _build/pstorage.o
 .bss.m_app_table
                0x0000000020002278       0x18 _build/pstorage.o
 .bss.m_leds_timer_id_data
                0x0000000020002290       0x20 _build/bsp.o
 .bss.release_event_at_push.6411
                0x00000000200022b0        0x4 _build/bsp.o
 .bss.m_alert_mask
                0x00000000200022b4        0x4 _build/bsp.o
 .bss.m_indication_type
                0x00000000200022b8        0x4 _build/bsp.o
 .bss.m_button_timer_id_data
                0x00000000200022bc       0x20 _build/bsp.o
 .bss.m_app_ticks_per_100ms
                0x00000000200022dc        0x4 _build/bsp.o
 .bss.m_registered_callback
                0x00000000200022e0        0x4 _build/bsp.o
 .bss.current_long_push_pin_no.6410
                0x00000000200022e4        0x1 _build/bsp.o
 .bss.m_stable_state
                0x00000000200022e5        0x1 _build/bsp.o
 *fill*         0x00000000200022e6        0x2 
 .bss.m_alert_timer_id_data
                0x00000000200022e8       0x20 _build/bsp.o
 .bss.m_events_list
                0x0000000020002308        0xc _build/bsp.o
 .bss.m_error_handler
                0x0000000020002314        0x4 _build/bsp_btn_ble.o
 .bss.m_num_connections
                0x0000000020002318        0x4 _build/bsp_btn_ble.o
 .bss.tx_buf.8674
                0x000000002000231c      0x400 _build/main.o
 .bss.APP_TIMER_BUF.8515
                0x000000002000271c      0x1c8 _build/main.o
 .bss.APP_SCHED_BUF.8651
                0x00000000200028e4       0xb0 _build/main.o
 .bss.m_app_handle
                0x0000000020002994        0x1 _build/main.o
 *fill*         0x0000000020002995        0x3 
 .bss.m_sec_req_timer_id_data
                0x0000000020002998       0x20 _build/main.o
 .bss.rx_buf.8673
                0x00000000200029b8        0x1 _build/main.o
 *fill*         0x00000000200029b9        0x3 
 .bss.m_peer_handle
                0x00000000200029bc        0x4 _build/main.o
 .bss.BLE_EVT_BUFFER.8641
                0x00000000200029c0       0x48 _build/main.o
 .bss.m_cts     0x0000000020002a08       0x10 _build/main.o
 .bss.m_ble_db_discovery
                0x0000000020002a18       0x7c _build/main.o
 .bss.m_advdata
                0x0000000020002a94       0x38 _build/ble_advertising.o
 .bss.m_manuf_specific_data
                0x0000000020002acc        0xc _build/ble_advertising.o
 .bss.m_evt_handler
                0x0000000020002ad8        0x4 _build/ble_advertising.o
 .bss.m_advertising_start_pending
                0x0000000020002adc        0x1 _build/ble_advertising.o
 *fill*         0x0000000020002add        0x3 
 .bss.m_manuf_data_array
                0x0000000020002ae0       0x1f _build/ble_advertising.o
 .bss.m_whitelist_temporarily_disabled
                0x0000000020002aff        0x1 _build/ble_advertising.o
 .bss.m_error_handler
                0x0000000020002b00        0x4 _build/ble_advertising.o
 .bss.m_peer_address
                0x0000000020002b04        0x7 _build/ble_advertising.o
 *fill*         0x0000000020002b0b        0x1 
 .bss.m_adv_modes_config
                0x0000000020002b0c       0x24 _build/ble_advertising.o
 .bss.mp_whitelist_addr
                0x0000000020002b30       0x20 _build/ble_advertising.o
 .bss.m_tx_power_level
                0x0000000020002b50        0x1 _build/ble_advertising.o
 *fill*         0x0000000020002b51        0x3 
 .bss.m_whitelist
                0x0000000020002b54       0x10 _build/ble_advertising.o
 .bss.m_service_data_array
                0x0000000020002b64       0x1f _build/ble_advertising.o
 .bss.m_whitelist_reply_expected
                0x0000000020002b83        0x1 _build/ble_advertising.o
 .bss.mp_whitelist_irk
                0x0000000020002b84       0x20 _build/ble_advertising.o
 .bss.m_adv_mode_current
                0x0000000020002ba4        0x1 _build/ble_advertising.o
 .bss.m_peer_addr_reply_expected
                0x0000000020002ba5        0x1 _build/ble_advertising.o
 *fill*         0x0000000020002ba6        0x2 
 .bss.m_slave_conn_int
                0x0000000020002ba8        0x4 _build/ble_advertising.o
 .bss.m_service_data
                0x0000000020002bac        0xc _build/ble_advertising.o
 .bss.m_adv_evt
                0x0000000020002bb8        0x1 _build/ble_advertising.o
 .bss.m_change_param
                0x0000000020002bb9        0x1 _build/ble_conn_params.o
 *fill*         0x0000000020002bba        0x2 
 .bss.m_current_conn_params
                0x0000000020002bbc        0x8 _build/ble_conn_params.o
 .bss.m_update_count
                0x0000000020002bc4        0x1 _build/ble_conn_params.o
 *fill*         0x0000000020002bc5        0x3 
 .bss.m_conn_params_config
                0x0000000020002bc8       0x1c _build/ble_conn_params.o
 .bss.m_conn_params_timer_id_data
                0x0000000020002be4       0x20 _build/ble_conn_params.o
 .bss.m_conn_handle
                0x0000000020002c04        0x2 _build/ble_conn_params.o
 *fill*         0x0000000020002c06        0x2 
 .bss.m_preferred_conn_params
                0x0000000020002c08        0x8 _build/ble_conn_params.o
 .bss.mp_ble_cts
                0x0000000020002c10        0x4 _build/ble_cts_c.o
 .bss.m_pending_user_evts
                0x0000000020002c14       0x88 _build/ble_db_discovery.o
 .bss.m_pending_usr_evt_index
                0x0000000020002c9c        0x4 _build/ble_db_discovery.o
 .bss.m_registered_handlers
                0x0000000020002ca0       0x10 _build/ble_db_discovery.o
 .bss.m_initialized
                0x0000000020002cb0        0x1 _build/ble_db_discovery.o
 *fill*         0x0000000020002cb1        0x3 
 .bss.m_num_of_handlers_reg
                0x0000000020002cb4        0x4 _build/ble_db_discovery.o
 .bss.m_irk_index_table
                0x0000000020002cb8        0x7 _build/device_manager_peripheral.o
 .bss.m_module_initialized
                0x0000000020002cbf        0x1 _build/device_manager_peripheral.o
 .bss.m_connection_table
                0x0000000020002cc0        0xc _build/device_manager_peripheral.o
 .bss.m_peer_table
                0x0000000020002ccc       0xc4 _build/device_manager_peripheral.o
 .bss.m_storage_handle
                0x0000000020002d90        0x8 _build/device_manager_peripheral.o
 .bss.m_bond_table
                0x0000000020002d98       0x1c _build/device_manager_peripheral.o
 .bss.m_gatts_table
                0x0000000020002db4       0x18 _build/device_manager_peripheral.o
 .bss.m_peer_addr_update
                0x0000000020002dcc        0x4 _build/device_manager_peripheral.o
 .bss.m_application_table
                0x0000000020002dd0        0xc _build/device_manager_peripheral.o
 .bss.m_softdevice_enabled
                0x0000000020002ddc        0x1 _build/softdevice_handler.o
 *fill*         0x0000000020002ddd        0x1 
 .bss.m_ble_evt_buffer_size
                0x0000000020002dde        0x2 _build/softdevice_handler.o
 .bss.mp_ble_evt_buffer
                0x0000000020002de0        0x4 _build/softdevice_handler.o
 .bss.m_sys_evt_handler
                0x0000000020002de4        0x4 _build/softdevice_handler.o
 .bss.m_ble_evt_handler
                0x0000000020002de8        0x4 _build/softdevice_handler.o
 .bss.m_evt_schedule_func
                0x0000000020002dec        0x4 _build/softdevice_handler.o
 .bss.__malloc_sbrk_start
                0x0000000020002df0        0x4 /usr/bin/../lib/gcc/arm-none-eabi/5.3.1/../../../../arm-none-eabi/lib/armv6-m/libc_nano.a(lib_a-nano-mallocr.o)
                0x0000000020002df0                __malloc_sbrk_start
 .bss.__malloc_free_list
                0x0000000020002df4        0x4 /usr/bin/../lib/gcc/arm-none-eabi/5.3.1/../../../../arm-none-eabi/lib/armv6-m/libc_nano.a(lib_a-nano-mallocr.o)
                0x0000000020002df4                __malloc_free_list
 .bss.heap_end.4167
                0x0000000020002df8        0x4 /usr/bin/../lib/gcc/arm-none-eabi/5.3.1/../../../../arm-none-eabi/lib/armv6-m/libnosys.a(sbrk.o)
 *(COMMON)
 COMMON         0x0000000020002dfc        0x4 /usr/bin/../lib/gcc/arm-none-eabi/5.3.1/../../../../arm-none-eabi/lib/armv6-m/libc_nano.a(lib_a-reent.o)
                0x0000000020002dfc                errno
                0x0000000020002e00                . = ALIGN (0x4)
                0x0000000020002e00                __bss_end__ = .

.heap           0x0000000020002e00      0x800
                0x0000000020002e00                __end__ = .
                0x0000000020002e00                end = __end__
 *(.heap*)
 .heap          0x0000000020002e00      0x800 _build/gcc_startup_nrf51.o
                0x0000000020002e00                __HeapBase
                0x0000000020003600                __HeapLimit = .

.stack_dummy    0x0000000020002e00      0x800
 *(.stack*)
 .stack         0x0000000020002e00      0x800 _build/gcc_startup_nrf51.o
                0x0000000020008000                __StackTop = (ORIGIN (RAM) + LENGTH (RAM))
                0x0000000020007800                __StackLimit = (__StackTop - SIZEOF (.stack_dummy))
                0x0000000020008000                PROVIDE (__stack, __StackTop)
                0x0000000000000001                ASSERT ((__StackLimit >= __HeapLimit), region RAM overflowed with stack)
OUTPUT(_build/nrf51422_xxac_s110.out elf32-littlearm)

.ARM.attributes
                0x0000000000000000       0x28
 .ARM.attributes
                0x0000000000000000       0x1e /usr/bin/../lib/gcc/arm-none-eabi/5.3.1/armv6-m/crti.o
 .ARM.attributes
                0x000000000000001e       0x2c /usr/bin/../lib/gcc/arm-none-eabi/5.3.1/armv6-m/crtbegin.o
 .ARM.attributes
                0x000000000000004a       0x1b /usr/bin/../lib/gcc/arm-none-eabi/5.3.1/../../../../arm-none-eabi/lib/armv6-m/crt0.o
 .ARM.attributes
                0x0000000000000065       0x2c /usr/bin/../lib/gcc/arm-none-eabi/5.3.1/../../../../arm-none-eabi/lib/armv6-m/libc_nano.a(lib_a-exit.o)
 .ARM.attributes
                0x0000000000000091       0x2c /usr/bin/../lib/gcc/arm-none-eabi/5.3.1/../../../../arm-none-eabi/lib/armv6-m/libc_nano.a(lib_a-impure.o)
 .ARM.attributes
                0x00000000000000bd       0x2c /usr/bin/../lib/gcc/arm-none-eabi/5.3.1/../../../../arm-none-eabi/lib/armv6-m/libc_nano.a(lib_a-init.o)
 .ARM.attributes
                0x00000000000000e9       0x2c /usr/bin/../lib/gcc/arm-none-eabi/5.3.1/../../../../arm-none-eabi/lib/armv6-m/libc_nano.a(lib_a-memset.o)
 .ARM.attributes
                0x0000000000000115       0x2c /usr/bin/../lib/gcc/arm-none-eabi/5.3.1/../../../../arm-none-eabi/lib/armv6-m/libnosys.a(_exit.o)
 .ARM.attributes
                0x0000000000000141       0x31 _build/app_button.o
 .ARM.attributes
                0x0000000000000172       0x31 _build/app_error.o
 .ARM.attributes
                0x00000000000001a3       0x31 _build/app_fifo.o
 .ARM.attributes
                0x00000000000001d4       0x31 _build/app_scheduler.o
 .ARM.attributes
                0x0000000000000205       0x31 _build/app_timer.o
 .ARM.attributes
                0x0000000000000236       0x31 _build/app_timer_appsh.o
 .ARM.attributes
                0x0000000000000267       0x31 _build/retarget.o
 .ARM.attributes
                0x0000000000000298       0x31 _build/app_uart_fifo.o
 .ARM.attributes
                0x00000000000002c9       0x31 _build/nrf_drv_common.o
 .ARM.attributes
                0x00000000000002fa       0x31 _build/nrf_drv_gpiote.o
 .ARM.attributes
                0x000000000000032b       0x31 _build/nrf_drv_uart.o
 .ARM.attributes
                0x000000000000035c       0x31 _build/pstorage.o
 .ARM.attributes
                0x000000000000038d       0x31 _build/bsp.o
 .ARM.attributes
                0x00000000000003be       0x31 _build/bsp_btn_ble.o
 .ARM.attributes
                0x00000000000003ef       0x31 _build/main.o
 .ARM.attributes
                0x0000000000000420       0x31 _build/ble_advdata.o
 .ARM.attributes
                0x0000000000000451       0x31 _build/ble_advertising.o
 .ARM.attributes
                0x0000000000000482       0x31 _build/ble_conn_params.o
 .ARM.attributes
                0x00000000000004b3       0x31 _build/ble_cts_c.o
 .ARM.attributes
                0x00000000000004e4       0x31 _build/ble_db_discovery.o
 .ARM.attributes
                0x0000000000000515       0x31 _build/device_manager_peripheral.o
 .ARM.attributes
                0x0000000000000546       0x31 _build/system_nrf51.o
 .ARM.attributes
                0x0000000000000577       0x31 _build/softdevice_handler.o
 .ARM.attributes
                0x00000000000005a8       0x1b _build/gcc_startup_nrf51.o
 .ARM.attributes
                0x00000000000005c3       0x1e /usr/bin/../lib/gcc/arm-none-eabi/5.3.1/armv6-m/libgcc.a(_udivsi3.o)
 .ARM.attributes
                0x00000000000005e1       0x1e /usr/bin/../lib/gcc/arm-none-eabi/5.3.1/armv6-m/libgcc.a(_divsi3.o)
 .ARM.attributes
                0x00000000000005ff       0x1e /usr/bin/../lib/gcc/arm-none-eabi/5.3.1/armv6-m/libgcc.a(_dvmd_tls.o)
 .ARM.attributes
                0x000000000000061d       0x2c /usr/bin/../lib/gcc/arm-none-eabi/5.3.1/../../../../arm-none-eabi/lib/armv6-m/libc_nano.a(lib_a-memcmp.o)
 .ARM.attributes
                0x0000000000000649       0x2c /usr/bin/../lib/gcc/arm-none-eabi/5.3.1/../../../../arm-none-eabi/lib/armv6-m/libc_nano.a(lib_a-memcpy-stub.o)
 .ARM.attributes
                0x0000000000000675       0x2c /usr/bin/../lib/gcc/arm-none-eabi/5.3.1/../../../../arm-none-eabi/lib/armv6-m/libc_nano.a(lib_a-printf.o)
 .ARM.attributes
                0x00000000000006a1       0x1c /usr/bin/../lib/gcc/arm-none-eabi/5.3.1/../../../../arm-none-eabi/lib/armv6-m/libc_nano.a(lib_a-strlen.o)
 .ARM.attributes
                0x00000000000006bd       0x2c /usr/bin/../lib/gcc/arm-none-eabi/5.3.1/../../../../arm-none-eabi/lib/armv6-m/libc_nano.a(lib_a-findfp.o)
 .ARM.attributes
                0x00000000000006e9       0x2c /usr/bin/../lib/gcc/arm-none-eabi/5.3.1/../../../../arm-none-eabi/lib/armv6-m/libc_nano.a(lib_a-fwalk.o)
 .ARM.attributes
                0x0000000000000715       0x2c /usr/bin/../lib/gcc/arm-none-eabi/5.3.1/../../../../arm-none-eabi/lib/armv6-m/libc_nano.a(lib_a-nano-mallocr.o)
 .ARM.attributes
                0x0000000000000741       0x2c /usr/bin/../lib/gcc/arm-none-eabi/5.3.1/../../../../arm-none-eabi/lib/armv6-m/libc_nano.a(lib_a-nano-vfprintf.o)
 .ARM.attributes
                0x000000000000076d       0x2c /usr/bin/../lib/gcc/arm-none-eabi/5.3.1/../../../../arm-none-eabi/lib/armv6-m/libc_nano.a(lib_a-nano-vfprintf_i.o)
 .ARM.attributes
                0x0000000000000799       0x2c /usr/bin/../lib/gcc/arm-none-eabi/5.3.1/../../../../arm-none-eabi/lib/armv6-m/libc_nano.a(lib_a-sbrkr.o)
 .ARM.attributes
                0x00000000000007c5       0x2c /usr/bin/../lib/gcc/arm-none-eabi/5.3.1/../../../../arm-none-eabi/lib/armv6-m/libc_nano.a(lib_a-stdio.o)
 .ARM.attributes
                0x00000000000007f1       0x2c /usr/bin/../lib/gcc/arm-none-eabi/5.3.1/../../../../arm-none-eabi/lib/armv6-m/libc_nano.a(lib_a-wbuf.o)
 .ARM.attributes
                0x000000000000081d       0x2c /usr/bin/../lib/gcc/arm-none-eabi/5.3.1/../../../../arm-none-eabi/lib/armv6-m/libc_nano.a(lib_a-writer.o)
 .ARM.attributes
                0x0000000000000849       0x2c /usr/bin/../lib/gcc/arm-none-eabi/5.3.1/../../../../arm-none-eabi/lib/armv6-m/libc_nano.a(lib_a-wsetup.o)
 .ARM.attributes
                0x0000000000000875       0x2c /usr/bin/../lib/gcc/arm-none-eabi/5.3.1/../../../../arm-none-eabi/lib/armv6-m/libc_nano.a(lib_a-closer.o)
 .ARM.attributes
                0x00000000000008a1       0x2c /usr/bin/../lib/gcc/arm-none-eabi/5.3.1/../../../../arm-none-eabi/lib/armv6-m/libc_nano.a(lib_a-fflush.o)
 .ARM.attributes
                0x00000000000008cd       0x2c /usr/bin/../lib/gcc/arm-none-eabi/5.3.1/../../../../arm-none-eabi/lib/armv6-m/libc_nano.a(lib_a-lseekr.o)
 .ARM.attributes
                0x00000000000008f9       0x2c /usr/bin/../lib/gcc/arm-none-eabi/5.3.1/../../../../arm-none-eabi/lib/armv6-m/libc_nano.a(lib_a-makebuf.o)
 .ARM.attributes
                0x0000000000000925       0x2c /usr/bin/../lib/gcc/arm-none-eabi/5.3.1/../../../../arm-none-eabi/lib/armv6-m/libc_nano.a(lib_a-memchr-stub.o)
 .ARM.attributes
                0x0000000000000951       0x2c /usr/bin/../lib/gcc/arm-none-eabi/5.3.1/../../../../arm-none-eabi/lib/armv6-m/libc_nano.a(lib_a-nano-freer.o)
 .ARM.attributes
                0x000000000000097d       0x2c /usr/bin/../lib/gcc/arm-none-eabi/5.3.1/../../../../arm-none-eabi/lib/armv6-m/libc_nano.a(lib_a-readr.o)
 .ARM.attributes
                0x00000000000009a9       0x2c /usr/bin/../lib/gcc/arm-none-eabi/5.3.1/../../../../arm-none-eabi/lib/armv6-m/libc_nano.a(lib_a-reent.o)
 .ARM.attributes
                0x00000000000009d5       0x2c /usr/bin/../lib/gcc/arm-none-eabi/5.3.1/../../../../arm-none-eabi/lib/armv6-m/libc_nano.a(lib_a-fstatr.o)
 .ARM.attributes
                0x0000000000000a01       0x2c /usr/bin/../lib/gcc/arm-none-eabi/5.3.1/../../../../arm-none-eabi/lib/armv6-m/libc_nano.a(lib_a-isattyr.o)
 .ARM.attributes
                0x0000000000000a2d       0x1e /usr/bin/../lib/gcc/arm-none-eabi/5.3.1/armv6-m/crtn.o
 .ARM.attributes
                0x0000000000000a4b       0x2c /usr/bin/../lib/gcc/arm-none-eabi/5.3.1/../../../../arm-none-eabi/lib/armv6-m/libnosys.a(close.o)
 .ARM.attributes
                0x0000000000000a77       0x2c /usr/bin/../lib/gcc/arm-none-eabi/5.3.1/../../../../arm-none-eabi/lib/armv6-m/libnosys.a(fstat.o)
 .ARM.attributes
                0x0000000000000aa3       0x2c /usr/bin/../lib/gcc/arm-none-eabi/5.3.1/../../../../arm-none-eabi/lib/armv6-m/libnosys.a(isatty.o)
 .ARM.attributes
                0x0000000000000acf       0x2c /usr/bin/../lib/gcc/arm-none-eabi/5.3.1/../../../../arm-none-eabi/lib/armv6-m/libnosys.a(lseek.o)
 .ARM.attributes
                0x0000000000000afb       0x2c /usr/bin/../lib/gcc/arm-none-eabi/5.3.1/../../../../arm-none-eabi/lib/armv6-m/libnosys.a(sbrk.o)

.comment        0x0000000000000000       0x6e
 .comment       0x0000000000000000       0x6e _build/app_button.o
                                         0x6f (size before relaxing)
 .comment       0x000000000000006e       0x6f _build/app_error.o
 .comment       0x000000000000006e       0x6f _build/app_fifo.o
 .comment       0x000000000000006e       0x6f _build/app_scheduler.o
 .comment       0x000000000000006e       0x6f _build/app_timer.o
 .comment       0x000000000000006e       0x6f _build/app_timer_appsh.o
 .comment       0x000000000000006e       0x6f _build/retarget.o
 .comment       0x000000000000006e       0x6f _build/app_uart_fifo.o
 .comment       0x000000000000006e       0x6f _build/nrf_drv_common.o
 .comment       0x000000000000006e       0x6f _build/nrf_drv_gpiote.o
 .comment       0x000000000000006e       0x6f _build/nrf_drv_uart.o
 .comment       0x000000000000006e       0x6f _build/pstorage.o
 .comment       0x000000000000006e       0x6f _build/bsp.o
 .comment       0x000000000000006e       0x6f _build/bsp_btn_ble.o
 .comment       0x000000000000006e       0x6f _build/main.o
 .comment       0x000000000000006e       0x6f _build/ble_advdata.o
 .comment       0x000000000000006e       0x6f _build/ble_advertising.o
 .comment       0x000000000000006e       0x6f _build/ble_conn_params.o
 .comment       0x000000000000006e       0x6f _build/ble_cts_c.o
 .comment       0x000000000000006e       0x6f _build/ble_db_discovery.o
 .comment       0x000000000000006e       0x6f _build/device_manager_peripheral.o
 .comment       0x000000000000006e       0x6f _build/system_nrf51.o
 .comment       0x000000000000006e       0x6f _build/softdevice_handler.o

.debug_frame    0x0000000000000000      0x854
 .debug_frame   0x0000000000000000       0x28 /usr/bin/../lib/gcc/arm-none-eabi/5.3.1/../../../../arm-none-eabi/lib/armv6-m/libc_nano.a(lib_a-exit.o)
 .debug_frame   0x0000000000000028       0x2c /usr/bin/../lib/gcc/arm-none-eabi/5.3.1/../../../../arm-none-eabi/lib/armv6-m/libc_nano.a(lib_a-init.o)
 .debug_frame   0x0000000000000054       0x20 /usr/bin/../lib/gcc/arm-none-eabi/5.3.1/../../../../arm-none-eabi/lib/armv6-m/libc_nano.a(lib_a-memset.o)
 .debug_frame   0x0000000000000074       0x20 /usr/bin/../lib/gcc/arm-none-eabi/5.3.1/../../../../arm-none-eabi/lib/armv6-m/libnosys.a(_exit.o)
 .debug_frame   0x0000000000000094       0x20 /usr/bin/../lib/gcc/arm-none-eabi/5.3.1/armv6-m/libgcc.a(_udivsi3.o)
 .debug_frame   0x00000000000000b4       0x20 /usr/bin/../lib/gcc/arm-none-eabi/5.3.1/armv6-m/libgcc.a(_divsi3.o)
 .debug_frame   0x00000000000000d4       0x2c /usr/bin/../lib/gcc/arm-none-eabi/5.3.1/../../../../arm-none-eabi/lib/armv6-m/libc_nano.a(lib_a-memcmp.o)
 .debug_frame   0x0000000000000100       0x28 /usr/bin/../lib/gcc/arm-none-eabi/5.3.1/../../../../arm-none-eabi/lib/armv6-m/libc_nano.a(lib_a-memcpy-stub.o)
 .debug_frame   0x0000000000000128       0x50 /usr/bin/../lib/gcc/arm-none-eabi/5.3.1/../../../../arm-none-eabi/lib/armv6-m/libc_nano.a(lib_a-printf.o)
 .debug_frame   0x0000000000000178      0x140 /usr/bin/../lib/gcc/arm-none-eabi/5.3.1/../../../../arm-none-eabi/lib/armv6-m/libc_nano.a(lib_a-findfp.o)
 .debug_frame   0x00000000000002b8       0x58 /usr/bin/../lib/gcc/arm-none-eabi/5.3.1/../../../../arm-none-eabi/lib/armv6-m/libc_nano.a(lib_a-fwalk.o)
 .debug_frame   0x0000000000000310       0x2c /usr/bin/../lib/gcc/arm-none-eabi/5.3.1/../../../../arm-none-eabi/lib/armv6-m/libc_nano.a(lib_a-nano-mallocr.o)
 .debug_frame   0x000000000000033c       0x9c /usr/bin/../lib/gcc/arm-none-eabi/5.3.1/../../../../arm-none-eabi/lib/armv6-m/libc_nano.a(lib_a-nano-vfprintf.o)
 .debug_frame   0x00000000000003d8       0x54 /usr/bin/../lib/gcc/arm-none-eabi/5.3.1/../../../../arm-none-eabi/lib/armv6-m/libc_nano.a(lib_a-nano-vfprintf_i.o)
 .debug_frame   0x000000000000042c       0x2c /usr/bin/../lib/gcc/arm-none-eabi/5.3.1/../../../../arm-none-eabi/lib/armv6-m/libc_nano.a(lib_a-sbrkr.o)
 .debug_frame   0x0000000000000458       0x90 /usr/bin/../lib/gcc/arm-none-eabi/5.3.1/../../../../arm-none-eabi/lib/armv6-m/libc_nano.a(lib_a-stdio.o)
 .debug_frame   0x00000000000004e8       0x48 /usr/bin/../lib/gcc/arm-none-eabi/5.3.1/../../../../arm-none-eabi/lib/armv6-m/libc_nano.a(lib_a-wbuf.o)
 .debug_frame   0x0000000000000530       0x2c /usr/bin/../lib/gcc/arm-none-eabi/5.3.1/../../../../arm-none-eabi/lib/armv6-m/libc_nano.a(lib_a-writer.o)
 .debug_frame   0x000000000000055c       0x2c /usr/bin/../lib/gcc/arm-none-eabi/5.3.1/../../../../arm-none-eabi/lib/armv6-m/libc_nano.a(lib_a-wsetup.o)
 .debug_frame   0x0000000000000588       0x2c /usr/bin/../lib/gcc/arm-none-eabi/5.3.1/../../../../arm-none-eabi/lib/armv6-m/libc_nano.a(lib_a-closer.o)
 .debug_frame   0x00000000000005b4       0x68 /usr/bin/../lib/gcc/arm-none-eabi/5.3.1/../../../../arm-none-eabi/lib/armv6-m/libc_nano.a(lib_a-fflush.o)
 .debug_frame   0x000000000000061c       0x2c /usr/bin/../lib/gcc/arm-none-eabi/5.3.1/../../../../arm-none-eabi/lib/armv6-m/libc_nano.a(lib_a-lseekr.o)
 .debug_frame   0x0000000000000648       0x54 /usr/bin/../lib/gcc/arm-none-eabi/5.3.1/../../../../arm-none-eabi/lib/armv6-m/libc_nano.a(lib_a-makebuf.o)
 .debug_frame   0x000000000000069c       0x20 /usr/bin/../lib/gcc/arm-none-eabi/5.3.1/../../../../arm-none-eabi/lib/armv6-m/libc_nano.a(lib_a-memchr-stub.o)
 .debug_frame   0x00000000000006bc       0x2c /usr/bin/../lib/gcc/arm-none-eabi/5.3.1/../../../../arm-none-eabi/lib/armv6-m/libc_nano.a(lib_a-nano-freer.o)
 .debug_frame   0x00000000000006e8       0x2c /usr/bin/../lib/gcc/arm-none-eabi/5.3.1/../../../../arm-none-eabi/lib/armv6-m/libc_nano.a(lib_a-readr.o)
 .debug_frame   0x0000000000000714       0x48 /usr/bin/../lib/gcc/arm-none-eabi/5.3.1/../../../../arm-none-eabi/lib/armv6-m/libc_nano.a(lib_a-reent.o)
 .debug_frame   0x000000000000075c       0x2c /usr/bin/../lib/gcc/arm-none-eabi/5.3.1/../../../../arm-none-eabi/lib/armv6-m/libc_nano.a(lib_a-fstatr.o)
 .debug_frame   0x0000000000000788       0x2c /usr/bin/../lib/gcc/arm-none-eabi/5.3.1/../../../../arm-none-eabi/lib/armv6-m/libc_nano.a(lib_a-isattyr.o)
 .debug_frame   0x00000000000007b4       0x20 /usr/bin/../lib/gcc/arm-none-eabi/5.3.1/../../../../arm-none-eabi/lib/armv6-m/libnosys.a(close.o)
 .debug_frame   0x00000000000007d4       0x20 /usr/bin/../lib/gcc/arm-none-eabi/5.3.1/../../../../arm-none-eabi/lib/armv6-m/libnosys.a(fstat.o)
 .debug_frame   0x00000000000007f4       0x20 /usr/bin/../lib/gcc/arm-none-eabi/5.3.1/../../../../arm-none-eabi/lib/armv6-m/libnosys.a(isatty.o)
 .debug_frame   0x0000000000000814       0x20 /usr/bin/../lib/gcc/arm-none-eabi/5.3.1/../../../../arm-none-eabi/lib/armv6-m/libnosys.a(lseek.o)
 .debug_frame   0x0000000000000834       0x20 /usr/bin/../lib/gcc/arm-none-eabi/5.3.1/../../../../arm-none-eabi/lib/armv6-m/libnosys.a(sbrk.o)

.stab           0x0000000000000000       0x6c
 .stab          0x0000000000000000       0x24 /usr/bin/../lib/gcc/arm-none-eabi/5.3.1/../../../../arm-none-eabi/lib/armv6-m/libnosys.a(close.o)
 .stab          0x0000000000000024       0x18 /usr/bin/../lib/gcc/arm-none-eabi/5.3.1/../../../../arm-none-eabi/lib/armv6-m/libnosys.a(fstat.o)
                                         0x24 (size before relaxing)
 .stab          0x000000000000003c       0x18 /usr/bin/../lib/gcc/arm-none-eabi/5.3.1/../../../../arm-none-eabi/lib/armv6-m/libnosys.a(isatty.o)
                                         0x24 (size before relaxing)
 .stab          0x0000000000000054       0x18 /usr/bin/../lib/gcc/arm-none-eabi/5.3.1/../../../../arm-none-eabi/lib/armv6-m/libnosys.a(lseek.o)
                                         0x24 (size before relaxing)

.stabstr        0x0000000000000000       0xe3
 .stabstr       0x0000000000000000       0xe3 /usr/bin/../lib/gcc/arm-none-eabi/5.3.1/../../../../arm-none-eabi/lib/armv6-m/libnosys.a(close.o)
